// Jest Snapshot v1, https://goo.gl/fbAQLP

exports[`LoadingWrapper matches snapshot 1`] = `undefined`;
