// Jest Snapshot v1, https://goo.gl/fbAQLP

exports[`DefinitionList matches snapshot 1`] = `
<div>
  <span>
    N/A
     | 
  </span>
  <span>
    N/A
  </span>
  <span
    style={
      Object {
        "paddingLeft": 5,
        "position": "absolute",
      }
    }
  >
    <OBCUrl
      label="OBC Details"
      type="post-data"
      url={Object {}}
    />
  </span>
</div>
`;
