// Jest Snapshot v1, https://goo.gl/fbAQLP

exports[`EmployeeAgendaSearchCards matches snapshot 1`] = `
<BoxShadow
  blurRadius={10}
  className="employee-agenda-stat-card"
  color="rgba(0,0,0,.15)"
  inset={false}
  is="div"
  offsetX={3}
  offsetY={2}
  spreadRadius={1}
  style={Object {}}
>
  <div
    className="employee-agenda-card-inner"
  >
    <div
      className="employee-agenda-card-top"
    >
      <div
        className="employee-ribbon-container"
      >
        <div
          className="ribbon-container-condensed"
        />
      </div>
    </div>
    <div>
      <h3>
        None listed
      </h3>
    </div>
    <div
      className="employee-agenda-card-data-point-top"
    >
      <div
        className="employee-card-data-point"
      >
        <FontAwesome
          name="id-badge"
        />
        <dt>
          ID:
        </dt>
        <dd />
      </div>
      <div
        className="employee-card-data-point"
      >
        <FontAwesome
          name="building-o"
        />
        <dt>
          Org:
        </dt>
        <dd>
          None listed
          <FontAwesome
            className="org-fa-arrow"
            name="long-arrow-right"
          />
          Coming soon
        </dd>
      </div>
      <div
        className="employee-card-data-point"
      >
        <FontAwesome
          name="clock-o"
        />
        <dt>
          TED:
        </dt>
        <dd>
          None listed
        </dd>
      </div>
      <div
        className="employee-card-data-point"
      >
        <FontAwesome
          name="user-o"
        />
        <dt>
          CDO:
        </dt>
        <dd>
          Coming soon
        </dd>
      </div>
    </div>
    <div
      className="employee-card-data-point"
    >
      <FontAwesome
        name="pencil-square"
      />
      <dt>
        Author:
      </dt>
      <dd>
        Coming soon
      </dd>
    </div>
    <div
      className="employee-card-data-point"
    >
      <FontAwesome
        name="calendar-o"
      />
      <dt>
        Panel Meeting Date:
      </dt>
      <dd>
        Coming soon
      </dd>
    </div>
    <div
      className="employee-card-data-point"
    >
      <FontAwesome
        name="sticky-note-o"
      />
      <dt>
        Agenda Status:
      </dt>
      <dd>
        Coming soon
      </dd>
    </div>
  </div>
  <div
    className="employee-agenda-card-bottom"
  >
    <div
      className="button-container"
    >
      <div
        className="view-agenda-item-container"
      >
        <LinkButton
          className="view-agenda-item-button"
          toLink="/profile/ao/agendaitemhistory/"
        >
          View History
        </LinkButton>
      </div>
      <div
        className="create-ai-box-container"
      />
    </div>
  </div>
</BoxShadow>
`;
