// Jest Snapshot v1, https://goo.gl/fbAQLP

exports[`StatusCircle matches snapshot 1`] = `
<span
  className="status"
>
  <FontAwesome
    name="circle"
  />
</span>
`;
