// Jest Snapshot v1, https://goo.gl/fbAQLP

exports[`CDOAutoSuggest matches snapshot 1`] = `
<div
  className="cdo-autosuggest"
>
  <r
    dropdownHeight={255}
    filterDebounce={150}
    id="picky"
    includeFilter={true}
    includeSelectAll={true}
    keepOpen={true}
    labelKey="name"
    multiple={true}
    numberDisplayed={2}
    onChange={[Function]}
    options={
      Array [
        Object {
          "first_name": "Mary",
          "hru_ud": 4,
          "id": 4,
          "last_name": "Brown",
        },
        Object {
          "first_name": "John",
          "hru_id": 3,
          "id": 3,
          "last_name": "Daniels",
        },
      ]
    }
    placeholder="Select CDOs"
    renderList={[Function]}
    selectAllMode="default"
    selectAllText="Select all"
    tabIndex={0}
    value={
      Array [
        Object {
          "first_name": "Mary",
          "id": 4,
          "last_name": "Brown",
        },
      ]
    }
    valueKey="id"
  />
</div>
`;
