// Jest Snapshot v1, https://goo.gl/fbAQLP

exports[`SaveNewSearchPromptComponent matches snapshot 1`] = `
<div
  className="usa-grid-full"
>
  <div
    className="usa-grid-full"
  >
    <FontAwesome
      name="bookmark"
    />
    <InteractiveElement
      className="save-search-link"
      onClick={[Function]}
      role="link"
      type="span"
    >
      Save this search.
    </InteractiveElement>
    Â 
    You will be able to come back to these results later.
  </div>
  <div
    className="usa-grid-full"
  >
    success
  </div>
</div>
`;
