// Jest Snapshot v1, https://goo.gl/fbAQLP

exports[`NotificationItemComponent matches snapshot 1`] = `
<div
  className="usa-grid-full notification-card"
>
  <InformationDataPoint
    className=""
    content="content"
    sideBySide={false}
    title="about 2 months ago"
    titleOnBottom={true}
  />
</div>
`;
