// Jest Snapshot v1, https://goo.gl/fbAQLP

exports[`ViewDetailsButtonComponent matches snapshot 1`] = `
<LinkButton
  className="tm-button-alt"
  isExternal={false}
  toLink="/details/1"
  useDefaultClass={true}
>
  <span
    className="tm-button-alt-icon"
  >
    <FontAwesome
      name="plus-circle"
    />
  </span>
  View details
</LinkButton>
`;
