// Jest Snapshot v1, https://goo.gl/fbAQLP

exports[`PositionsSectionTitleHeaderComponent matches snapshot 1`] = `
<div
  className="positions-section-title-header"
>
  <span>
    title
  </span>
</div>
`;
