// Jest Snapshot v1, https://goo.gl/fbAQLP

exports[`AvailableBidderRow matches snapshot 1`] = `undefined`;
