// Jest Snapshot v1, https://goo.gl/fbAQLP

exports[`AccordionItemComponent matches snapshot 1`] = `
<ul
  aria-multiselectable={false}
  className="usa-accordion "
  role="tablist"
>
  <li>
    <button />
    <div
      aria-hidden="false"
      className="usa-accordion-content"
    >
      <span />
    </div>
  </li>
</ul>
`;
