// Jest Snapshot v1, https://goo.gl/fbAQLP

exports[`TopNavComponent matches snapshot 1`] = `
<div
  className="usa-grid-full portfolio-top-nav-container"
>
  <div
    className="usa-width-one-whole"
  >
    <Navigation
      counts={
        Object {
          "all_clients": 100,
          "bidding_clients": 50,
          "bidding_no_handshake": 10,
          "in_panel_clients": 20,
          "on_post_clients": 30,
        }
      }
    />
  </div>
</div>
`;
