// Jest Snapshot v1, https://goo.gl/fbAQLP

exports[`SearchResultsExportLink matches snapshot 1`] = `
<div
  className="edit-buttons-container"
>
  <button
    onClick={[Function]}
  >
    Edit
  </button>
</div>
`;
