// Jest Snapshot v1, https://goo.gl/fbAQLP

exports[`DesktopNav matches snapshot when logged in 1`] = `
<div
  className="navigation-container"
>
  <div
    className="nav-link-container header-nav-desktop desktop-nav-only"
  >
    <div
      className="header-nav-link-container is-highlighted"
    >
      <div
        className="header-nav-link"
      >
        <div
          className="header-nav-link-text search-text"
        >
          <InteractiveElement
            className=""
            onClick={[Function]}
            type="span"
          >
            <FontAwesome
              name="search"
            />
             Search
          </InteractiveElement>
        </div>
      </div>
    </div>
    <withRouter()
      link="/"
      navLinkClass="home-text"
      title="Home"
    />
    <div
      className="header-nav-link-container"
    >
      <div
        className="header-nav-link"
      >
        <div
          className="header-nav-link-text about-text"
        >
          <a
            href="https://github.com/18F/State-TalentMAP"
          >
            About
          </a>
        </div>
      </div>
    </div>
  </div>
  <div
    className="header-nav-desktop desktop-nav-only account-notification-container"
  >
    <div
      className="header-nav-link-container account-container"
    >
      <div
        className="header-nav-link"
      >
        <AccountDropdown
          logoutRequest={[Function]}
          shouldDisplayName={true}
          userProfile={
            Object {
              "bid_statistics": Array [
                Object {
                  "draft": 1,
                  "submitted": 1,
                },
              ],
              "cdo": Object {
                "email": "shadtrachl@state.gov",
                "first_name": "Leah",
                "initials": "LS",
                "last_name": "Shadtrach",
                "username": "shadtrachl",
              },
              "display_name": "John",
              "favorite_positions": Array [
                Object {
                  "id": 1,
                  "representation": "[00003026] OMS (COM) (Freetown, Sierra Leone)",
                },
                Object {
                  "id": 4,
                  "representation": "[00180000] OMS (DCM) (Addis Ababa, Ethiopia)",
                },
              ],
              "grade": "03",
              "id": 1,
              "initials": "JD",
              "is_cdo": false,
              "skills": Array [
                Object {
                  "code": "6218",
                  "cone": null,
                  "description": "CONSTRUCTION ENGINEERING",
                  "id": 63,
                },
                Object {
                  "code": "6211",
                  "cone": null,
                  "description": "COMPUTER SCIENCE",
                  "id": 40,
                },
              ],
              "user": Object {
                "email": "doej@state.gov",
                "first_name": "John",
                "initials": "JD",
                "last_name": "Doe",
                "username": "jdoe",
              },
            }
          }
        />
      </div>
    </div>
  </div>
  <div
    className="header-nav-desktop desktop-nav-only account-notification-container"
  >
    <div
      className="header-nav-link-container notifications-container"
    >
      <div
        className="header-nav-link"
      >
        <span>
          <Connect(GlossaryIcon) />
        </span>
      </div>
    </div>
  </div>
</div>
`;

exports[`DesktopNav matches snapshot when logged out 1`] = `
<div
  className="navigation-container"
>
  <div
    className="nav-link-container header-nav-desktop desktop-nav-only"
  >
    <withRouter()
      link="/"
      navLinkClass="home-text"
      title="Home"
    />
    <div
      className="header-nav-link-container"
    >
      <div
        className="header-nav-link"
      >
        <div
          className="header-nav-link-text about-text"
        >
          <a
            href="https://github.com/18F/State-TalentMAP"
          >
            About
          </a>
        </div>
      </div>
    </div>
  </div>
  <div
    className="header-nav-desktop desktop-nav-only account-notification-container"
  >
    <div
      className="header-nav-link-container account-container"
    >
      <div
        className="header-nav-link"
      />
    </div>
  </div>
  <div
    className="header-nav-desktop desktop-nav-only account-notification-container"
  >
    <div
      className="header-nav-link-container notifications-container"
    >
      <div
        className="header-nav-link"
      />
    </div>
  </div>
</div>
`;
