// Jest Snapshot v1, https://goo.gl/fbAQLP

exports[`AccountDropdown matches snapshot 1`] = `null`;

exports[`AccountDropdown matches snapshot when shouldDisplayName is true 1`] = `null`;
